PS D:\kos-app> $body = @{username='admin'; password='admin123'} | ConvertTo-Json; $response = Invoke-WebRequest -Uri "http://141.11.25.167:8080/api/auth/login" -Method POST -Body $body -ContentType "application/json" -SessionVariable session; $response.Content; $global:adminSession = $session
{"role":"ADMIN","userId":1,"roomId":"Belum memilih kamar","token":"eyJhbGciOiJIUzI1NiJ9.eyJyb2xlIjoiQURNSU4iLCJzdWIiOiJhZG1pbiIsImlhdCI6MTc2MjQxNzQyNywiZXhwIjoxNzYyNTAzODI3fQ.LX0ln7muE5Ivb2oHMWV4FwkIAkLje2gxstRV7ZrcQgc","username":"admin"}                                                               PS D:\kos-app> $adminToken = "eyJhbGciOiJIUzI1NiJ9.eyJyb2xlIjoiQURNSU4iLCJzdWIiOiJhZG1pbiIsImlhdCI6MTc2MjQxNzQyNywiZXhwIjoxNzYyNTAzODI3fQ.LX0ln7muE5Ivb2oHMWV4FwkIAkLje2gxstRV7ZrcQgc"; $headers = @{Authorization="Bearer $adminToken"}; Invoke-WebRequest -Uri "http://141.11.25.167:8080/api/auth/user-info" -Method GET -Headers $headers | Select-Object -ExpandProperty Content                                                                                    Invoke-WebRequest : The remote server returned an error: (401) Unauthorized.                                                                           At line:1 char:220                                                                                                                                     + ... minToken"}; Invoke-WebRequest -Uri "http://141.11.25.167:8080/api/auth/us ...                                                                        +                 ~~~~~~~~~~~~~~~~~~~~~~~~~~~~~~~~~~~~~~~~~~~~~~~~~~~~~~~~~                                                                                + CategoryInfo          : InvalidOperation: (System.Net.HttpWebRequest:HttpWebRequest) [Invoke-WebRequest], WebException                               + FullyQualifiedErrorId : WebCmdletWebResponseException,Microsoft.PowerShell.Commands.InvokeWebRequestCommand                                                                                                                                                                                             PS D:\kos-app> Invoke-WebRequest -Uri "http://141.11.25.167:8080/api/users" -Method GET -WebSession $global:adminSession | Select-Object -ExpandProperty Content                                                                                                                                                  [{"id":1,"username":"admin","email":"admin@kosapp.com","password":"$2a$12$CS5sgFoTniOn0SrrV8mlp.Gx/3xu7a6xIH809678KSLcC54ZsR8ym","role":"ADMIN","phoneNumber":"081234567890","roomId":null,"roomRequestStatus":null,"enabled":true},{"id":2,"username":"geran","email":"237006079@student.unsil.ac.id","password":"$2a$10$1.TA3NN.VwIvWgXgpTi8QeZxTggxP5/B7KqUUH/wxQ8hx8O4bxDpW","role":"USER","phoneNumber":"098535281010","roomId":1,"roomRequestStatus":"APPROVED","enabled":true},{"id":3,"username":"testuser123","email":"testuser123@example.com","password":"$2a$10$hRYG4.IqQHolOmvgMx6/MO2yWtRtD4VOsik/4Rj8LyX5C5yD7/I3u","role":"USER","phoneNumber":"08123456789","roomId":null,"roomRequestStatus":null,"enabled":true},{"id":6,"username":"arifin","email":"geranarifin@gmail.com","password":"$2a$10$3bzzNFeqs8Xy48lUuss3JuG8/SJtU9GcMXtctmg6wSWMBmTWBE8w.","role":"USER","phoneNumber":"085222336575","roomId":2,"roomRequestStatus":"APPROVED","enabled":true}]
PS D:\kos-app> Invoke-WebRequest -Uri "http://141.11.25.167:8080/api/rooms" -Method GET -WebSession $global:adminSession | Select-Object -ExpandProperty Content
[{"id":1,"nomorKamar":"001","status":"terisi","hargaBulanan":12000.0,"fasilitas":"","title":"test","description":"test","price":12000.0,"statusPembayaran":"Belum Bayar"},{"id":2,"nomorKamar":"002","status":"kosong","hargaBulanan":2000000.0,"fasilitas":"kasur,ac","title":"kamar baru","description":"kamar baru dan fresh","price":2000000.0,"statusPembayaran":null},{"id":5,"nomorKamar":"003","status":"kosong","hargaBulanan":500000.0,"fasilitas":"","title":"Kamar 3","description":"Kamar 3","price":500000.0,"statusPembayaran":null}]
PS D:\kos-app> Invoke-WebRequest -Uri "http://141.11.25.167:8080/api/kamar" -Method GET -WebSession $global:adminSession | Select-Object -ExpandProperty Content
[{"id":1,"nomorKamar":"001","status":"terisi","hargaBulanan":12000.0,"fasilitas":"","title":"test","description":"test","price":12000.0,"statusPembayaran":"Belum Bayar"},{"id":2,"nomorKamar":"002","status":"kosong","hargaBulanan":2000000.0,"fasilitas":"kasur,ac","title":"kamar baru","description":"kamar baru dan fresh","price":2000000.0,"statusPembayaran":null},{"id":5,"nomorKamar":"003","status":"kosong","hargaBulanan":500000.0,"fasilitas":"","title":"Kamar 3","description":"Kamar 3","price":500000.0,"statusPembayaran":null}]                                                                        
PS D:\kos-app> Invoke-WebRequest -Uri "http://141.11.25.167:8080/api/pembayaran" -Method GET -WebSession $global:adminSession | Select-Object -ExpandProperty Content
[]                                                                                                                                                     PS D:\kos-app> Invoke-WebRequest -Uri "http://141.11.25.167:8080/api/faqs" -Method GET -WebSession $global:adminSession | Select-Object -ExpandProperty Content                                                                                                                                                   [{"question":"test","answer":"test","id":1,"jawaban":"test","pertanyaan":"test"}]                                                                      
PS D:\kos-app> Invoke-WebRequest -Uri "http://141.11.25.167:8080/api/pengumuman" -Method GET -WebSession $global:adminSession | Select-Object -ExpandProperty Content                                                                                                                                             [{"id":1,"judul":"Perbaikan AC","isi":"akan ada perbaikan AC yaa","tanggalBerlaku":[2025,11,6]}]                                                       PS D:\kos-app> Invoke-WebRequest -Uri "http://141.11.25.167:8080/api/peraturan" -Method GET -WebSession $global:adminSession | Select-Object -ExpandProperty Content                                                                                                                                              [{"id":3,"judul_peraturan":"Tutup Gerbang Kos ","deskripsi_peraturan":"Dilarang masukk lebih dari 23.00"}]                                             PS D:\kos-app> Invoke-WebRequest -Uri "http://141.11.25.167:8080/api/kebersihan" -Method GET -WebSession $global:adminSession | Select-Object -ExpandProperty Content
[]
PS D:\kos-app> Invoke-WebRequest -Uri "http://141.11.25.167:8080/api/profiles" -Method GET -WebSession $global:adminSession | Select-Object -ExpandProperty
 Content
[]
PS D:\kos-app> $body = @{username='geran'; password='fajargeran2005'} | ConvertTo-Json; $response = Invoke-WebRequest -Uri "http://141.11.25.167:8080/api/auth/login" -Method POST -Body $body -ContentType "application/json" -SessionVariable session; $response.Content; $global:geranSession = $session       
{"role":"USER","userId":2,"roomId":"1","token":"eyJhbGciOiJIUzI1NiJ9.eyJyb2xlIjoiVVNFUiIsInJvb21JZCI6MSwic3ViIjoiZ2VyYW4iLCJpYXQiOjE3NjI0MTc2MTIsImV4cCI6MTc2MjUwNDAxMn0.IsToQHhI9QD5TsBrWaAmytlvnI0G_JHXMZsSfUvXxBo","username":"geran"}
PS D:\kos-app> Invoke-WebRequest -Uri "http://141.11.25.167:8080/api/auth/user-info" -Method GET -WebSession $global:geranSession | Select-Object -ExpandProperty Content
Invoke-WebRequest : The remote server returned an error: (401) Unauthorized.
At line:1 char:1
+ Invoke-WebRequest -Uri "http://141.11.25.167:8080/api/auth/user-info" -Me ...
+ ~~~~~~~~~~~~~~~~~~~~~~~~~~~~~~~~~~~~~~~~~~~~~~~~~~~~~~~~~~~~~~~~~~~~~
    + CategoryInfo          : InvalidOperation: (System.Net.HttpWebRequest:HttpWebRequest) [Invoke-WebRequest], WebException                               + FullyQualifiedErrorId : WebCmdletWebResponseException,Microsoft.PowerShell.Commands.InvokeWebRequestCommand                                                                                                                                                                                             PS D:\kos-app> Invoke-WebRequest -Uri "http://141.11.25.167:8080/api/rooms" -Method GET -WebSession $global:geranSession | Select-Object -ExpandProperty Content
[{"id":1,"nomorKamar":"001","status":"terisi","hargaBulanan":12000.0,"fasilitas":"","title":"test","description":"test","price":12000.0,"statusPembayaran":"Belum Bayar"},{"id":2,"nomorKamar":"002","status":"kosong","hargaBulanan":2000000.0,"fasilitas":"kasur,ac","title":"kamar baru","description":"kamar baru dan fresh","price":2000000.0,"statusPembayaran":null},{"id":5,"nomorKamar":"003","status":"kosong","hargaBulanan":500000.0,"fasilitas":"","title":"Kamar 3","description":"Kamar 3","price":500000.0,"statusPembayaran":null}]                                                                        PS D:\kos-app> Invoke-WebRequest -Uri "http://141.11.25.167:8080/api/rooms/1" -Method GET -WebSession $global:geranSession | Select-Object -ExpandProperty Content                                                                                                                                                {"id":1,"nomorKamar":"001","status":"terisi","hargaBulanan":12000.0,"fasilitas":"","title":"test","description":"test","price":12000.0,"statusPembayaran":"Belum Bayar"}                                                                                                                                      PS D:\kos-app> Invoke-WebRequest -Uri "http://141.11.25.167:8080/api/pembayaran/user/2" -Method GET -WebSession $global:geranSession | Select-Object -ExpandProperty Content                                                                                                                                      []                                                                                                                                                     PS D:\kos-app> $body = @{username='arifin'; password='fajargeran2005'} | ConvertTo-Json; $response = Invoke-WebRequest -Uri "http://141.11.25.167:8080/api/auth/login" -Method POST -Body $body -ContentType "application/json" -SessionVariable session; $response.Content; $global:arifinSession = $session     {"role":"USER","userId":6,"roomId":"2","token":"eyJhbGciOiJIUzI1NiJ9.eyJyb2xlIjoiVVNFUiIsInJvb21JZCI6Miwic3ViIjoiYXJpZmluIiwiaWF0IjoxNzYyNDE3NjgzLCJleHAiOjE3NjI1MDQwODN9.KzNIRmCcpyg9ptxodk7gA6mPpzmN4CHgx1Hndvpxjc0","username":"arifin"}                                                                   PS D:\kos-app> $body = @{username='kokoro'; email='kokoro@example.com'; password='fajargeran2005'; phoneNumber='081234567890'} | ConvertTo-Json; Invoke-WebRequest -Uri "http://141.11.25.167:8080/api/auth/register-direct" -Method POST -Body $body -ContentType "application/json" | Select-Object -ExpandProperty Content                                                                                                                                            
Invoke-WebRequest : The remote server returned an error: (400) Bad Request.
At line:1 char:131                                                                                                                                     + ... ertTo-Json; Invoke-WebRequest -Uri "http://141.11.25.167:8080/api/auth/re ...                                                                        +                 ~~~~~~~~~~~~~~~~~~~~~~~~~~~~~~~~~~~~~~~~~~~~~~~~~~~~~~~~~                                                                                + CategoryInfo          : InvalidOperation: (System.Net.HttpWebRequest:HttpWebRequest) [Invoke-WebRequest], WebException                           
    + FullyQualifiedErrorId : WebCmdletWebResponseException,Microsoft.PowerShell.Commands.InvokeWebRequestCommand                                                                                                                                                                                             PS D:\kos-app> $body = @{username='kokoro'; email='kokoro@example.com'; password='fajargeran2005'; phoneNumber='081234567890'} | ConvertTo-Json; try { $response = Invoke-WebRequest -Uri "http://141.11.25.167:8080/api/auth/register-direct" -Method POST -Body $body -ContentType "application/json"; $response.Content } catch { $_.Exception.Response.GetResponseStream() | ForEach-Object { $reader = New-Object System.IO.StreamReader($_); $reader.ReadToEnd() } }                                                                                                                                                      {"message":"Username sudah digunakan"}                                                                                                                 PS D:\kos-app> $body = @{username='kokoro'; password='fajargeran2005'} | ConvertTo-Json; $response = Invoke-WebRequest -Uri "http://141.11.25.167:8080/api/auth/login" -Method POST -Body $body -ContentType "application/json" -SessionVariable session; $response.Content; $global:kokoroSession = $session
{"role":"USER","userId":7,"roomId":"Belum memilih kamar","token":"eyJhbGciOiJIUzI1NiJ9.eyJyb2xlIjoiVVNFUiIsInN1YiI6Imtva29ybyIsImlhdCI6MTc2MjQxNzgyOCwiZXhwIjoxNzYyNTA0MjI4fQ.Ek4V2m8WlYR2ez1e3i02DA3aKER24_XFsBxtwVyiiN0","username":"kokoro"}
PS D:\kos-app> Write-Host "`n=== TEST ROOM REQUESTS CONTROLLER ===" -ForegroundColor Cyan; Invoke-WebRequest -Uri "http://141.11.25.167:8080/api/room-requests/test" -Method GET -WebSession $global:kokoroSession | Select-Object -ExpandProperty Content                                                                                                                                                                                                               === TEST ROOM REQUESTS CONTROLLER ===                                                                                                                  
RoomRequestController berfungsi dengan baik!                                                                                                           PS D:\kos-app> Invoke-WebRequest -Uri "http://141.11.25.167:8080/api/room-requests/pending" -Method GET -WebSession $global:adminSession | Select-Object -ExpandProperty Content                                                                                                                                  []                                                                                                                                                     
PS D:\kos-app> $body = @{roomId=5} | ConvertTo-Json; Invoke-WebRequest -Uri "http://141.11.25.167:8080/api/room-requests/request?userId=7" -Method POST -Body $body -ContentType "application/json" -WebSession $global:kokoroSession | Select-Object -ExpandProperty Content                                     {"message":"Permintaan kamar berhasil dikirim!","userId":7,"roomId":5,"username":"kokoro","status":"PENDING"}                                          PS D:\kos-app> Invoke-WebRequest -Uri "http://141.11.25.167:8080/api/room-requests/pending" -Method GET -WebSession $global:adminSession | Select-Object -ExpandProperty Content
[{"id":7,"username":"kokoro","email":"kokoro@gmail.com","password":"$2a$10$w16gbedxwITF97tNKFAUxOsofCrSQn/Z6FfhgjAMdB2HFw/0wxz62","role":"USER","phoneNumber":"087655353535","roomId":5,"roomRequestStatus":"PENDING","enabled":true}]
PS D:\kos-app> Invoke-WebRequest -Uri "http://141.11.25.167:8080/api/room-requests/approve/7" -Method POST -WebSession $global:adminSession | Select-Object
 -ExpandProperty Content                                                                                                                               {"message":"Permintaan kamar disetujui!","userId":7,"roomId":5,"username":"kokoro","status":"APPROVED"}                                                PS D:\kos-app> Write-Host "`n=== TEST KEBERSIHAN CONTROLLER ===" -ForegroundColor Cyan; Invoke-WebRequest -Uri "http://141.11.25.167:8080/api/kebersihan/test" -Method GET -WebSession $global:adminSession | Select-Object -ExpandProperty Content                                                               
                                                                                                                                                       === TEST KEBERSIHAN CONTROLLER ===                                                                                                                     API berfungsi! Server merespons dengan baik.                                                                                                           PS D:\kos-app> $body = @{area='Kamar Mandi'; waktuPelaksanaan='SETIAP_HARI'; keterangan='Bersihkan kamar mandi'} | ConvertTo-Json; Invoke-WebRequest -Uri "http://141.11.25.167:8080/api/kebersihan" -Method POST -Body $body -ContentType "application/json" -WebSession $global:adminSession | Select-Object -ExpandProperty Content                                                                                                                                   {"id":2,"roomNumber":null,"areaParking":false,"areaCorridor":false,"areaTerrace":false,"areaGarden":false,"notes":null,"createdAt":[2025,11,6,15,31,48,487672700],"updatedAt":[2025,11,6,15,31,48,487672700]}                                                                                                 
PS D:\kos-app> Invoke-WebRequest -Uri "http://141.11.25.167:8080/api/kebersihan" -Method GET -WebSession $global:adminSession | Select-Object -ExpandProperty Content
[{"id":2,"roomNumber":null,"areaParking":false,"areaCorridor":false,"areaTerrace":false,"areaGarden":false,"notes":null,"createdAt":[2025,11,6,15,31,48,487673000],"updatedAt":[2025,11,6,15,31,48,487673000]}]                                                                                               PS D:\kos-app> Write-Host "`n=== TEST PEMBAYARAN CONTROLLER ===" -ForegroundColor Cyan; $body = @{userId=2; kamarId=1; bulan='November'; tahun=2025; jumlah=12000; status='Belum Bayar'} | ConvertTo-Json; Invoke-WebRequest -Uri "http://141.11.25.167:8080/api/pembayaran" -Method POST -Body $body -ContentType "application/json" -WebSession $global:adminSession | Select-Object -ExpandProperty Content                                                                                                                                                                                                                  === TEST PEMBAYARAN CONTROLLER ===                                                                                                                     {"id":3,"kamarId":1,"userId":2,"kamar":"001","penghuni":"geran","nominal":12000.0,"status":"Belum Bayar","tanggalJatuhTempo":null,"tanggalBayar":null,"bulanBayar":null,"tahunBayar":null,"catatan":null,"createdAt":[2025,11,6,15,32,19,583877900],"updatedAt":[2025,11,6,15,32,19,583877900]}
PS D:\kos-app> Invoke-WebRequest -Uri "http://141.11.25.167:8080/api/pembayaran/user/2" -Method GET -WebSession $global:geranSession | Select-Object -ExpandProperty Content
[{"id":3,"kamarId":1,"userId":2,"kamar":"001","penghuni":"geran","nominal":12000.0,"status":"Belum Bayar","tanggalJatuhTempo":null,"tanggalBayar":null,"bulanBayar":null,"tahunBayar":null,"catatan":null,"createdAt":[2025,11,6,15,32,19,583878000],"updatedAt":[2025,11,6,15,32,19,583878000]}]             PS D:\kos-app> Invoke-WebRequest -Uri "http://141.11.25.167:8080/api/pembayaran/3/status?status=Lunas" -Method PATCH -WebSession $global:adminSession | Select-Object -ExpandProperty Content                                                                                                                     {"id":3,"kamarId":1,"userId":2,"kamar":"001","penghuni":"geran","nominal":12000.0,"status":"Lunas","tanggalJatuhTempo":null,"tanggalBayar":[2025,11,6,15,32,32,155078200],"bulanBayar":null,"tahunBayar":null,"catatan":null,"createdAt":[2025,11,6,15,32,19,583878000],"updatedAt":[2025,11,6,15,32,32,162838700]}                                                                                                                                                  
PS D:\kos-app> Write-Host "`n=== TEST FAQ CONTROLLER ===" -ForegroundColor Cyan; $body = @{pertanyaan='Bagaimana cara bayar?'; jawaban='Transfer ke rekening admin'} | ConvertTo-Json; Invoke-WebRequest -Uri "http://141.11.25.167:8080/api/faqs" -Method POST -Body $body -ContentType "application/json" -WebSession $global:adminSession | Select-Object -ExpandProperty Content
                                                                                                                                                       === TEST FAQ CONTROLLER ===                                                                                                                            {"id":3,"pertanyaan":"Bagaimana cara bayar?","jawaban":"Transfer ke rekening admin","createdAt":[2025,11,6,15,32,59,431753500],"updatedAt":[2025,11,6,15,32,59,431753500]}                                                                                                                                    
PS D:\kos-app> Invoke-WebRequest -Uri "http://141.11.25.167:8080/api/faqs/3" -Method GET -WebSession $global:kokoroSession | Select-Object -ExpandProperty Content                                                                                                                                                {"id":3,"pertanyaan":"Bagaimana cara bayar?","jawaban":"Transfer ke rekening admin","createdAt":[2025,11,6,15,32,59,431754000],"updatedAt":[2025,11,6,15,32,59,431754000]}                                                                                                                                    
PS D:\kos-app> $body = @{pertanyaan='Jam berapa tutup kos?'; jawaban='Jam 11 malam'} | ConvertTo-Json; Invoke-WebRequest -Uri "http://141.11.25.167:8080/api/faqs/3" -Method PUT -Body $body -ContentType "application/json" -WebSession $global:adminSession | Select-Object -ExpandProperty Content
{"id":3,"pertanyaan":"Jam berapa tutup kos?","jawaban":"Jam 11 malam","createdAt":[2025,11,6,15,32,59,431754000],"updatedAt":[2025,11,6,15,33,21,210101300]}                                                                                                                                                  PS D:\kos-app> Write-Host "`n=== TEST PENGUMUMAN CONTROLLER ===" -ForegroundColor Cyan; $body = @{judul='Perbaikan Listrik'; isi='Besok akan ada perbaikan listrik jam 10 pagi'; tanggalBerlaku='2025-11-07'} | ConvertTo-Json; Invoke-WebRequest -Uri "http://141.11.25.167:8080/api/pengumuman" -Method POST -Body $body -ContentType "application/json" -WebSession $global:adminSession | Select-Object -ExpandProperty Content

=== TEST PENGUMUMAN CONTROLLER ===                                                                                                                     {"id":2,"judul":"Perbaikan Listrik","isi":"Besok akan ada perbaikan listrik jam 10 pagi","tanggalBerlaku":[2025,11,7]}                                 PS D:\kos-app> Invoke-WebRequest -Uri "http://141.11.25.167:8080/api/pengumuman" -Method GET -WebSession $global:geranSession | Select-Object -ExpandProperty Content                                                                                                                                             [{"id":1,"judul":"Perbaikan AC","isi":"akan ada perbaikan AC yaa","tanggalBerlaku":[2025,11,6]},{"id":2,"judul":"Perbaikan Listrik","isi":"Besok akan ada perbaikan listrik jam 10 pagi","tanggalBerlaku":[2025,11,7]}]                                                                                       PS D:\kos-app> Write-Host "`n=== TEST PERATURAN CONTROLLER ===" -ForegroundColor Cyan; $body = @{judul_peraturan='Dilarang Merokok'; deskripsi_peraturan='Dilarang merokok di dalam kamar'} | ConvertTo-Json; Invoke-WebRequest -Uri "http://141.11.25.167:8080/api/peraturan" -Method POST -Body $body -ContentType "application/json" -WebSession $global:adminSession | Select-Object -ExpandProperty Content
                                                                                                                                                       === TEST PERATURAN CONTROLLER ===                                                                                                                      {"id":4,"judul_peraturan":"Dilarang Merokok","deskripsi_peraturan":"Dilarang merokok di dalam kamar"}                                                  PS D:\kos-app> Invoke-WebRequest -Uri "http://141.11.25.167:8080/api/peraturan/4" -Method GET -WebSession $global:kokoroSession | Select-Object -ExpandProperty Content
{"id":4,"judul_peraturan":"Dilarang Merokok","deskripsi_peraturan":"Dilarang merokok di dalam kamar"}                                                  PS D:\kos-app> Write-Host "`n=== TEST KAMAR CONTROLLER ===" -ForegroundColor Cyan; $body = @{nomorKamar='004'; status='kosong'; hargaBulanan=800000; fasilitas='AC,Kasur,Lemari'; title='Kamar Premium'; description='Kamar dengan fasilitas lengkap'; price=800000} | ConvertTo-Json; Invoke-WebRequest -Uri "http://141.11.25.167:8080/api/kamar" -Method POST -Body $body -ContentType "application/json" -WebSession $global:adminSession | Select-Object -ExpandProperty Content

=== TEST KAMAR CONTROLLER ===
{"id":6,"nomorKamar":"004","status":"kosong","hargaBulanan":800000.0,"fasilitas":"AC,Kasur,Lemari","title":"Kamar Premium","description":"Kamar dengan fasilitas lengkap","price":800000.0,"statusPembayaran":null}
PS D:\kos-app> Invoke-WebRequest -Uri "http://141.11.25.167:8080/api/kamar/6" -Method GET -WebSession $global:geranSession | Select-Object -ExpandProperty Content                                                                                                                                                {"id":6,"nomorKamar":"004","status":"kosong","hargaBulanan":800000.0,"fasilitas":"AC,Kasur,Lemari","title":"Kamar Premium","description":"Kamar dengan fasilitas lengkap","price":800000.0,"statusPembayaran":null}                                                                                           PS D:\kos-app> Write-Host "`n=== TEST ROOMS CONTROLLER (Advanced) ===" -ForegroundColor Cyan; Invoke-WebRequest -Uri "http://141.11.25.167:8080/api/rooms/available" -Method GET -WebSession $global:kokoroSession | Select-Object -ExpandProperty Content

=== TEST ROOMS CONTROLLER (Advanced) ===                                                                                                               [{"id":5,"nomorKamar":"003","status":"kosong","hargaBulanan":500000.0,"fasilitas":"","title":"Kamar 3","description":"Kamar 3","price":500000.0,"statusPembayaran":null},{"id":6,"nomorKamar":"004","status":"kosong","hargaBulanan":800000.0,"fasilitas":"AC,Kasur,Lemari","title":"Kamar Premium","description":"Kamar dengan fasilitas lengkap","price":800000.0,"statusPembayaran":null},{"id":2,"nomorKamar":"002","status":"kosong","hargaBulanan":2000000.0,"fasilitas":"kasur,ac","title":"kamar baru","description":"kamar baru dan fresh","price":2000000.0,"statusPembayaran":null}]                             PS D:\kos-app> Invoke-WebRequest -Uri "http://141.11.25.167:8080/api/rooms/statistics" -Method GET -WebSession $global:adminSession | Select-Object -ExpandProperty Content                                                                                                                                       {"totalRooms":4,"availableRooms":3,"occupiedRooms":1,"pendingRooms":0}                                                                                 
PS D:\kos-app> Invoke-WebRequest -Uri "http://141.11.25.167:8080/api/rooms/search?maxPrice=1000000" -Method GET -WebSession $global:kokoroSession | Select-Object -ExpandProperty Content
[{"id":5,"nomorKamar":"003","status":"kosong","hargaBulanan":500000.0,"fasilitas":"","title":"Kamar 3","description":"Kamar 3","price":500000.0,"statusPembayaran":null},{"id":1,"nomorKamar":"001","status":"terisi","hargaBulanan":12000.0,"fasilitas":"","title":"test","description":"test","price":12000.0,"statusPembayaran":"Lunas"},{"id":6,"nomorKamar":"004","status":"kosong","hargaBulanan":800000.0,"fasilitas":"AC,Kasur,Lemari","title":"Kamar Premium","description":"Kamar dengan fasilitas lengkap","price":800000.0,"statusPembayaran":null}]
PS D:\kos-app> Invoke-WebRequest -Uri "http://141.11.25.167:8080/api/rooms/check/005" -Method GET -WebSession $global:adminSession | Select-Object -ExpandProperty Content
{"exists":false,"nomorKamar":"005"}
PS D:\kos-app> Write-Host "`n=== TEST USER MANAGEMENT ===" -ForegroundColor Cyan; Invoke-WebRequest -Uri "http://141.11.25.167:8080/api/users" -Method GET -WebSession $global:adminSession | Select-Object -ExpandProperty Content

=== TEST USER MANAGEMENT ===
[{"id":1,"username":"admin","email":"admin@kosapp.com","password":"$2a$12$CS5sgFoTniOn0SrrV8mlp.Gx/3xu7a6xIH809678KSLcC54ZsR8ym","role":"ADMIN","phoneNumber":"081234567890","roomId":null,"roomRequestStatus":null,"enabled":true},{"id":2,"username":"geran","email":"237006079@student.unsil.ac.id","password":"$2a$10$1.TA3NN.VwIvWgXgpTi8QeZxTggxP5/B7KqUUH/wxQ8hx8O4bxDpW","role":"USER","phoneNumber":"098535281010","roomId":1,"roomRequestStatus":"APPROVED","enabled":true},{"id":3,"username":"testuser123","email":"testuser123@example.com","password":"$2a$10$hRYG4.IqQHolOmvgMx6/MO2yWtRtD4VOsik/4Rj8LyX5C5yD7/I3u","role":"USER","phoneNumber":"08123456789","roomId":null,"roomRequestStatus":null,"enabled":true},{"id":6,"username":"arifin","email":"geranarifin@gmail.com","password":"$2a$10$3bzzNFeqs8Xy48lUuss3JuG8/SJtU9GcMXtctmg6wSWMBmTWBE8w.","role":"USER","phoneNumber":"085222336575","roomId":2,"roomRequestStatus":"APPROVED","enabled":true},{"id":7,"username":"kokoro","email":"kokoro@gmail.com","password":"$2a$10$w16gbedxwITF97tNKFAUxOsofCrSQn/Z6FfhgjAMdB2HFw/0wxz62","role":"USER","phoneNumber":"087655353535","roomId":5,"roomRequestStatus":"APPROVED","enabled":true}]
PS D:\kos-app> $body = @{newPassword='newpassword123'} | ConvertTo-Json; Invoke-WebRequest -Uri "http://141.11.25.167:8080/api/users/3/reset-password" -Method PUT -Body $body -ContentType "application/json" -WebSession $global:adminSession | Select-Object -ExpandProperty Content
{"message":"Password reset successful"}
PS D:\kos-app> Write-Host "`n=== TEST PROFILES CONTROLLER ===" -ForegroundColor Cyan; $body = @{name='Geran'; roomNumber='001'; paymentStatus='Lunas'} | ConvertTo-Json; Invoke-WebRequest -Uri "http://141.11.25.167:8080/api/profiles" -Method POST -Body $body -ContentType "application/json" -WebSession $global:adminSession | Select-Object -ExpandProperty Content

=== TEST PROFILES CONTROLLER ===
{"id":1,"userId":null,"name":"Geran","phone":null,"email":null,"location":null,"profilePicture":null,"roomNumber":1,"status":"Lunas","createdAt":[2025,11,6,15,37,51,28930600]}
PS D:\kos-app> Invoke-WebRequest -Uri "http://141.11.25.167:8080/api/profiles/1/status?status=Belum Bayar" -Method PUT -WebSession $global:adminSession | Select-Object -ExpandProperty Content                                                                                                                   {"id":1,"userId":null,"name":"Geran","phone":null,"email":null,"location":null,"profilePicture":null,"roomNumber":1,"status":"Belum Bayar","createdAt":[2025,11,6,15,37,51,28931000]}                                                                                                                         
PS D:\kos-app> Write-Host "`n=== TEST DEBUG CONTROLLER ===" -ForegroundColor Cyan; Invoke-WebRequest -Uri "http://141.11.25.167:8080/api/debug/ping" -Method GET -WebSession $global:geranSession | Select-Object -ExpandProperty Content

=== TEST DEBUG CONTROLLER ===
Invoke-WebRequest : The remote server returned an error: (403) Forbidden.
At line:1 char:69
+ ... Color Cyan; Invoke-WebRequest -Uri "http://141.11.25.167:8080/api/debug/p ...
+                 ~~~~~~~~~~~~~~~~~~~~~~~~~~~~~~~~~~~~~~~~~~~~~~~~~~~~~~~~~
    + CategoryInfo          : InvalidOperation: (System.Net.HttpWebRequest:HttpWebRequest) [Invoke-WebRequest], WebException
    + FullyQualifiedErrorId : WebCmdletWebResponseException,Microsoft.PowerShell.Commands.InvokeWebRequestCommand

PS D:\kos-app> Invoke-WebRequest -Uri "http://141.11.25.167:8080/api/debug/ping" -Method GET -WebSession $global:adminSession | Select-Object -ExpandProperty Content
Invoke-WebRequest : The remote server returned an error: (403) Forbidden.
At line:1 char:1
+ Invoke-WebRequest -Uri "http://141.11.25.167:8080/api/debug/ping" -Method ...
+ ~~~~~~~~~~~~~~~~~~~~~~~~~~~~~~~~~~~~~~~~~~~~~~~~~~~~~~~~~~~~~~~~~~~~~
    + CategoryInfo          : InvalidOperation: (System.Net.HttpWebRequest:HttpWebRequest) [Invoke-WebRequest], WebException
    + FullyQualifiedErrorId : WebCmdletWebResponseException,Microsoft.PowerShell.Commands.InvokeWebRequestCommand

PS D:\kos-app> $body = @{test='data'} | ConvertTo-Json; Invoke-WebRequest -Uri "http://141.11.25.167:8080/api/debug/echo?userId=2" -Method POST -Body $body
 -ContentType "application/json" -WebSession $global:adminSession | Select-Object -ExpandProperty Content
Invoke-WebRequest : The remote server returned an error: (403) Forbidden.
At line:1 char:42
+ ... ertTo-Json; Invoke-WebRequest -Uri "http://141.11.25.167:8080/api/debug/e ...
+                 ~~~~~~~~~~~~~~~~~~~~~~~~~~~~~~~~~~~~~~~~~~~~~~~~~~~~~~~~~
    + CategoryInfo          : InvalidOperation: (System.Net.HttpWebRequest:HttpWebRequest) [Invoke-WebRequest], WebException
    + FullyQualifiedErrorId : WebCmdletWebResponseException,Microsoft.PowerShell.Commands.InvokeWebRequestCommand

PS D:\kos-app> Write-Host "`n=== TEST LOGOUT ===" -ForegroundColor Cyan; Invoke-WebRequest -Uri "http://141.11.25.167:8080/api/auth/logout" -Method POST -WebSession $global:geranSession | Select-Object -ExpandProperty Content

=== TEST LOGOUT ===
{"message":"Logout successful"}
PS D:\kos-app> 